// Jest Snapshot v1, https://goo.gl/fbAQLP

exports[`<NomicsLink /> component rendering should render a component matching the snapshot 1`] = `
<footerLinks__LinksContainer>
  <p>
    Powered by 
    <a
      href="https://nomics.com/"
      target="blank"
    >
      Nomics APIs.
    </a>
  </p>
</footerLinks__LinksContainer>
`;
